// Jest Snapshot v1, https://goo.gl/fbAQLP

exports[`ProductTitle should render component with custom title 1`] = `
<span
  className="productDescription custom-class"
>
  Custom Product
</span>
`;

exports[`ProductTitle should render default title if no prop is passed 1`] = `
<div
  className="productCard undefined"
>
  <span
    className="productDescription undefined"
  >
    Coffee Mug - Sin imagen
  </span>
</div>
`;
